// Jest Snapshot v1, https://goo.gl/fbAQLP

exports[`Feed Item 1`] = `
<div
  className="shadow-lg rounded-3xl bg-white mb-5"
>
  <div
    className="p-4"
  >
    <div
      className="flex justify-between items-center"
    >
      <div
        className="flex items-center mb-4"
      >
        <div
          className="ant-image"
          style={
            Object {
              "height": 40,
              "width": 40,
            }
          }
        >
          <img
            alt="avatar"
            className="ant-image-img rounded-full"
            onError={[Function]}
            onLoad={[Function]}
            src="user-placeholder.svg"
            style={
              Object {
                "height": 40,
              }
            }
          />
        </div>
        <div
          className="ml-4"
        >
          <h3
            className="font-semibold text-lg"
          >
             
          </h3>
          <div
            className="text-gray-500"
            onMouseEnter={[Function]}
            onMouseLeave={[Function]}
          >
            a few seconds ago
          </div>
        </div>
      </div>
      <div
        className="ant-dropdown-trigger cursor-pointer h-fit"
        onClick={[Function]}
        onMouseDown={[Function]}
        onTouchStart={[Function]}
      >
        <svg
          className="text-gray-400 text-2xl"
          fill="none"
          height="1em"
          stroke="currentColor"
          strokeWidth="0"
          style={
            Object {
              "color": undefined,
            }
          }
          viewBox="0 0 24 24"
          width="1em"
          xmlns="http://www.w3.org/2000/svg"
        >
          <path
            d="M12 5v.01M12 12v.01M12 19v.01M12 6a1 1 0 110-2 1 1 0 010 2zm0 7a1 1 0 110-2 1 1 0 010 2zm0 7a1 1 0 110-2 1 1 0 010 2z"
            strokeLinecap="round"
            strokeLinejoin="round"
            strokeWidth="2"
          />
        </svg>
      </div>
    </div>
    <div
      className="text-center"
    />
    <p />
  </div>
  <div
    className="flex py-1 px-6 justify-between"
  >
    <button
      className="flex cursor-pointer"
      onClick={[Function]}
      type="button"
    >
      <span
        className="ml-2"
      >
        
      </span>
    </button>
  </div>
  <div
    className="flex border-t border-gray-200 px-5"
  >
    <div
      className="flex-1 relative"
    >
      <button
        className="sc-dlfnuX gDpGRw border-r"
        data-key="-MjP6ufjLnHm8rWFc_wx"
        onMouseDown={[Function]}
        onMouseLeave={[Function]}
        onMouseUp={[Function]}
        onTouchEnd={[Function]}
        onTouchStart={[Function]}
        type="button"
      >
        <svg
          className="text-4xl pr-2"
          fill="currentColor"
          height="1em"
          stroke="currentColor"
          strokeWidth="0"
          style={
            Object {
              "color": undefined,
            }
          }
          viewBox="0 0 1024 1024"
          width="1em"
          xmlns="http://www.w3.org/2000/svg"
        >
          <path
            d="M885.9 533.7c16.8-22.2 26.1-49.4 26.1-77.7 0-44.9-25.1-87.4-65.5-111.1a67.67 67.67 0 0 0-34.3-9.3H572.4l6-122.9c1.4-29.7-9.1-57.9-29.5-79.4A106.62 106.62 0 0 0 471 99.9c-52 0-98 35-111.8 85.1l-85.9 311H144c-17.7 0-32 14.3-32 32v364c0 17.7 14.3 32 32 32h601.3c9.2 0 18.2-1.8 26.5-5.4 47.6-20.3 78.3-66.8 78.3-118.4 0-12.6-1.8-25-5.4-37 16.8-22.2 26.1-49.4 26.1-77.7 0-12.6-1.8-25-5.4-37 16.8-22.2 26.1-49.4 26.1-77.7-.2-12.6-2-25.1-5.6-37.1zM184 852V568h81v284h-81zm636.4-353l-21.9 19 13.9 25.4a56.2 56.2 0 0 1 6.9 27.3c0 16.5-7.2 32.2-19.6 43l-21.9 19 13.9 25.4a56.2 56.2 0 0 1 6.9 27.3c0 16.5-7.2 32.2-19.6 43l-21.9 19 13.9 25.4a56.2 56.2 0 0 1 6.9 27.3c0 22.4-13.2 42.6-33.6 51.8H329V564.8l99.5-360.5a44.1 44.1 0 0 1 42.2-32.3c7.6 0 15.1 2.2 21.1 6.7 9.9 7.4 15.2 18.6 14.6 30.5l-9.6 198.4h314.4C829 418.5 840 436.9 840 456c0 16.5-7.2 32.1-19.6 43z"
          />
        </svg>
        <span>
          Like
        </span>
      </button>
    </div>
    <div
      className="flex-1"
    >
      <button
        className="sc-dlfnuX gDpGRw"
        onClick={[Function]}
        type="button"
      >
        <svg
          className="text-4xl pr-2"
          fill="currentColor"
          height="1em"
          stroke="currentColor"
          strokeWidth="0"
          style={
            Object {
              "color": undefined,
            }
          }
          viewBox="0 0 1024 1024"
          width="1em"
          xmlns="http://www.w3.org/2000/svg"
        >
          <path
            d="M464 512a48 48 0 1 0 96 0 48 48 0 1 0-96 0zm200 0a48 48 0 1 0 96 0 48 48 0 1 0-96 0zm-400 0a48 48 0 1 0 96 0 48 48 0 1 0-96 0zm661.2-173.6c-22.6-53.7-55-101.9-96.3-143.3a444.35 444.35 0 0 0-143.3-96.3C630.6 75.7 572.2 64 512 64h-2c-60.6.3-119.3 12.3-174.5 35.9a445.35 445.35 0 0 0-142 96.5c-40.9 41.3-73 89.3-95.2 142.8-23 55.4-34.6 114.3-34.3 174.9A449.4 449.4 0 0 0 112 714v152a46 46 0 0 0 46 46h152.1A449.4 449.4 0 0 0 510 960h2.1c59.9 0 118-11.6 172.7-34.3a444.48 444.48 0 0 0 142.8-95.2c41.3-40.9 73.8-88.7 96.5-142 23.6-55.2 35.6-113.9 35.9-174.5.3-60.9-11.5-120-34.8-175.6zm-151.1 438C704 845.8 611 884 512 884h-1.7c-60.3-.3-120.2-15.3-173.1-43.5l-8.4-4.5H188V695.2l-4.5-8.4C155.3 633.9 140.3 574 140 513.7c-.4-99.7 37.7-193.3 107.6-263.8 69.8-70.5 163.1-109.5 262.8-109.9h1.7c50 0 98.5 9.7 144.2 28.9 44.6 18.7 84.6 45.6 119 80 34.3 34.3 61.3 74.4 80 119 19.4 46.2 29.1 95.2 28.9 145.8-.6 99.6-39.7 192.9-110.1 262.7z"
          />
        </svg>
        Comment
      </button>
    </div>
  </div>
</div>
`;
