// Jest Snapshot v1, https://goo.gl/fbAQLP

exports[`Social Feed 1`] = `
Array [
  <div
    className="sc-bdfBQB itvOLS"
  >
    Social Feed
  </div>,
  <div
    className="max-w-screen-sm mx-auto min-h-screen--topbar my-7"
    role="application"
  >
    <div
      className="shadow-lg rounded-3xl bg-white mb-5"
    >
      <div
        className="p-4"
      >
        <div
          className="flex justify-between items-center"
        >
          <div
            className="flex items-center mb-4 w-full"
          >
            <div
              className="ant-skeleton ant-skeleton-element ant-skeleton-active my-7"
            >
              <span
                className="ant-skeleton-avatar ant-skeleton-avatar-lg ant-skeleton-avatar-circle"
                style={Object {}}
              />
            </div>
            <div
              className="pl-6 w-full"
            >
              <div
                className="ant-skeleton ant-skeleton-active"
              >
                <div
                  className="ant-skeleton-content"
                >
                  <h3
                    className="ant-skeleton-title"
                    style={
                      Object {
                        "width": "38%",
                      }
                    }
                  />
                  <ul
                    className="ant-skeleton-paragraph"
                  >
                    <li
                      style={
                        Object {
                          "width": undefined,
                        }
                      }
                    />
                    <li
                      style={
                        Object {
                          "width": undefined,
                        }
                      }
                    />
                    <li
                      style={
                        Object {
                          "width": "61%",
                        }
                      }
                    />
                  </ul>
                </div>
              </div>
            </div>
          </div>
        </div>
      </div>
    </div>
    <div
      className="shadow-lg rounded-3xl bg-white mb-5"
    >
      <div
        className="p-4"
      >
        <div
          className="flex justify-between items-center"
        >
          <div
            className="flex items-center mb-4 w-full"
          >
            <div
              className="ant-skeleton ant-skeleton-element ant-skeleton-active my-7"
            >
              <span
                className="ant-skeleton-avatar ant-skeleton-avatar-lg ant-skeleton-avatar-circle"
                style={Object {}}
              />
            </div>
            <div
              className="pl-6 w-full"
            >
              <div
                className="ant-skeleton ant-skeleton-active"
              >
                <div
                  className="ant-skeleton-content"
                >
                  <h3
                    className="ant-skeleton-title"
                    style={
                      Object {
                        "width": "38%",
                      }
                    }
                  />
                  <ul
                    className="ant-skeleton-paragraph"
                  >
                    <li
                      style={
                        Object {
                          "width": undefined,
                        }
                      }
                    />
                    <li
                      style={
                        Object {
                          "width": undefined,
                        }
                      }
                    />
                    <li
                      style={
                        Object {
                          "width": "61%",
                        }
                      }
                    />
                  </ul>
                </div>
              </div>
            </div>
          </div>
        </div>
      </div>
    </div>
    <div
      className="shadow-lg rounded-3xl bg-white mb-5"
    >
      <div
        className="p-4"
      >
        <div
          className="flex justify-between items-center"
        >
          <div
            className="flex items-center mb-4 w-full"
          >
            <div
              className="ant-skeleton ant-skeleton-element ant-skeleton-active my-7"
            >
              <span
                className="ant-skeleton-avatar ant-skeleton-avatar-lg ant-skeleton-avatar-circle"
                style={Object {}}
              />
            </div>
            <div
              className="pl-6 w-full"
            >
              <div
                className="ant-skeleton ant-skeleton-active"
              >
                <div
                  className="ant-skeleton-content"
                >
                  <h3
                    className="ant-skeleton-title"
                    style={
                      Object {
                        "width": "38%",
                      }
                    }
                  />
                  <ul
                    className="ant-skeleton-paragraph"
                  >
                    <li
                      style={
                        Object {
                          "width": undefined,
                        }
                      }
                    />
                    <li
                      style={
                        Object {
                          "width": undefined,
                        }
                      }
                    />
                    <li
                      style={
                        Object {
                          "width": "61%",
                        }
                      }
                    />
                  </ul>
                </div>
              </div>
            </div>
          </div>
        </div>
      </div>
    </div>
    <button
      className="ant-btn ant-btn-circle ant-btn-lg ant-btn-icon-only !h-auto !w-auto !p-3 fixed z-10 bottom-10 right-10 lg:bottom-20 lg:right-20 shadow-around border-0"
      onClick={[Function]}
      type="button"
    >
      <svg
        className="!text-4xl"
        fill="currentColor"
        height="1em"
        stroke="currentColor"
        strokeWidth="0"
        style={
          Object {
            "color": undefined,
          }
        }
        viewBox="0 0 1024 1024"
        width="1em"
        xmlns="http://www.w3.org/2000/svg"
      >
        <path
          d="M257.7 752c2 0 4-.2 6-.5L431.9 722c2-.4 3.9-1.3 5.3-2.8l423.9-423.9a9.96 9.96 0 0 0 0-14.1L694.9 114.9c-1.9-1.9-4.4-2.9-7.1-2.9s-5.2 1-7.1 2.9L256.8 538.8c-1.5 1.5-2.4 3.3-2.8 5.3l-29.5 168.2a33.5 33.5 0 0 0 9.4 29.8c6.6 6.4 14.9 9.9 23.8 9.9zm67.4-174.4L687.8 215l73.3 73.3-362.7 362.6-88.9 15.7 15.6-89zM880 836H144c-17.7 0-32 14.3-32 32v36c0 4.4 3.6 8 8 8h784c4.4 0 8-3.6 8-8v-36c0-17.7-14.3-32-32-32z"
        />
      </svg>
    </button>
  </div>,
]
`;
