// Jest Snapshot v1, https://goo.gl/fbAQLP

exports[`Animate On Load 1`] = `
<div
  className="sc-bdfBQB gTatkM transform opacity-0"
>
  mock child
</div>
`;
