// Jest Snapshot v1, https://goo.gl/fbAQLP

exports[`Feature snapshot 1`] = `
<div
  className="bg-white shadow-around px-7 py-10 flex h-full rounded-md"
>
  <span
    className="text-5xl"
  />
  <div
    className="pl-7"
  >
    <h4
      className="font-bold text-4xl"
    >
      400
    </h4>
    <p
      className="font-semi-bold text-lg"
    >
      compalints resolved
    </p>
  </div>
</div>
`;
