// Jest Snapshot v1, https://goo.gl/fbAQLP

exports[`Team member snapshot 1`] = `
<div
  className="ant-col shadow-around mb-8 lg:mb-0 mx-4 ant-col-xs-16 ant-col-sm-12 ant-col-md-8 ant-col-lg-6"
  style={Object {}}
>
  <div
    className="overflow-hidden"
  >
    <img
      alt="haris"
      className="transform transition duration-500 hover:scale-125"
      src="https://res.cloudinary.com/emarat/image/upload/w_350/v1630606578/haris_vtcfch.jpg"
    />
  </div>
  <div
    className="text-center py-3"
  >
    <h6
      className="sc-bdfBQB eaaMXC"
    >
      Haris Rahman
    </h6>
    <p>
      Full Stack Developer
    </p>
    <div
      className="flex justify-center text-xl"
    >
      <a
        className="pr-3"
        href="#"
      >
        <svg
          className="text-gray-600 hover:text-black"
          fill="currentColor"
          height="1em"
          stroke="currentColor"
          strokeWidth="0"
          style={
            Object {
              "color": undefined,
            }
          }
          viewBox="0 0 1024 1024"
          width="1em"
          xmlns="http://www.w3.org/2000/svg"
        >
          <path
            d="M511.6 76.3C264.3 76.2 64 276.4 64 523.5 64 718.9 189.3 885 363.8 946c23.5 5.9 19.9-10.8 19.9-22.2v-77.5c-135.7 15.9-141.2-73.9-150.3-88.9C215 726 171.5 718 184.5 703c30.9-15.9 62.4 4 98.9 57.9 26.4 39.1 77.9 32.5 104 26 5.7-23.5 17.9-44.5 34.7-60.8-140.6-25.2-199.2-111-199.2-213 0-49.5 16.3-95 48.3-131.7-20.4-60.5 1.9-112.3 4.9-120 58.1-5.2 118.5 41.6 123.2 45.3 33-8.9 70.7-13.6 112.9-13.6 42.4 0 80.2 4.9 113.5 13.9 11.3-8.6 67.3-48.8 121.3-43.9 2.9 7.7 24.7 58.3 5.5 118 32.4 36.8 48.9 82.7 48.9 132.3 0 102.2-59 188.1-200 212.9a127.5 127.5 0 0 1 38.1 91v112.5c.8 9 0 17.9 15 17.9 177.1-59.7 304.6-227 304.6-424.1 0-247.2-200.4-447.3-447.5-447.3z"
          />
        </svg>
      </a>
      <a
        className="pr-3"
        href="#"
      >
        <svg
          className="text-gray-600 hover:text-brands-linkedin"
          fill="currentColor"
          height="1em"
          stroke="currentColor"
          strokeWidth="0"
          style={
            Object {
              "color": undefined,
            }
          }
          viewBox="0 0 1024 1024"
          width="1em"
          xmlns="http://www.w3.org/2000/svg"
        >
          <path
            d="M880 112H144c-17.7 0-32 14.3-32 32v736c0 17.7 14.3 32 32 32h736c17.7 0 32-14.3 32-32V144c0-17.7-14.3-32-32-32zM349.3 793.7H230.6V411.9h118.7v381.8zm-59.3-434a68.8 68.8 0 1 1 68.8-68.8c-.1 38-30.9 68.8-68.8 68.8zm503.7 434H675.1V608c0-44.3-.8-101.2-61.7-101.2-61.7 0-71.2 48.2-71.2 98v188.9H423.7V411.9h113.8v52.2h1.6c15.8-30 54.5-61.7 112.3-61.7 120.2 0 142.3 79.1 142.3 181.9v209.4z"
          />
        </svg>
      </a>
      <a
        className="pr-3"
        href="#"
      >
        <svg
          className="text-gray-600 hover:text-brands-twitter"
          fill="currentColor"
          height="1em"
          stroke="currentColor"
          strokeWidth="0"
          style={
            Object {
              "color": undefined,
            }
          }
          viewBox="0 0 1024 1024"
          width="1em"
          xmlns="http://www.w3.org/2000/svg"
        >
          <path
            d="M928 254.3c-30.6 13.2-63.9 22.7-98.2 26.4a170.1 170.1 0 0 0 75-94 336.64 336.64 0 0 1-108.2 41.2A170.1 170.1 0 0 0 672 174c-94.5 0-170.5 76.6-170.5 170.6 0 13.2 1.6 26.4 4.2 39.1-141.5-7.4-267.7-75-351.6-178.5a169.32 169.32 0 0 0-23.2 86.1c0 59.2 30.1 111.4 76 142.1a172 172 0 0 1-77.1-21.7v2.1c0 82.9 58.6 151.6 136.7 167.4a180.6 180.6 0 0 1-44.9 5.8c-11.1 0-21.6-1.1-32.2-2.6C211 652 273.9 701.1 348.8 702.7c-58.6 45.9-132 72.9-211.7 72.9-14.3 0-27.5-.5-41.2-2.1C171.5 822 261.2 850 357.8 850 671.4 850 843 590.2 843 364.7c0-7.4 0-14.8-.5-22.2 33.2-24.3 62.3-54.4 85.5-88.2z"
          />
        </svg>
      </a>
    </div>
  </div>
</div>
`;
